C:\Users\57811481\POCPlaywright\backend\backend.csproj : warning NU1903: El paquete "SixLabors.ImageSharp" 1.0.4 tiene una vulnerabilidad de gravedad alta conocida, https://github.com/advisories/GHSA-2cmq-823j-5qj8
C:\Users\57811481\POCPlaywright\backend\backend.csproj : warning NU1902: El paquete "SixLabors.ImageSharp" 1.0.4 tiene una vulnerabilidad de gravedad moderada conocida, https://github.com/advisories/GHSA-5x7m-6737-26cr
C:\Users\57811481\POCPlaywright\backend\backend.csproj : warning NU1903: El paquete "SixLabors.ImageSharp" 1.0.4 tiene una vulnerabilidad de gravedad alta conocida, https://github.com/advisories/GHSA-63p8-c4ww-9cg7
C:\Users\57811481\POCPlaywright\backend\backend.csproj : warning NU1903: El paquete "SixLabors.ImageSharp" 1.0.4 tiene una vulnerabilidad de gravedad alta conocida, https://github.com/advisories/GHSA-65x7-c272-7g7r
C:\Users\57811481\POCPlaywright\backend\backend.csproj : warning NU1902: El paquete "SixLabors.ImageSharp" 1.0.4 tiene una vulnerabilidad de gravedad moderada conocida, https://github.com/advisories/GHSA-g85r-6x2q-45w7
C:\Users\57811481\POCPlaywright\backend\backend.csproj : warning NU1902: El paquete "SixLabors.ImageSharp" 1.0.4 tiene una vulnerabilidad de gravedad moderada conocida, https://github.com/advisories/GHSA-qxrv-gp6x-rc23
C:\Users\57811481\POCPlaywright\backend\backend.csproj : warning NU1902: El paquete "SixLabors.ImageSharp" 1.0.4 tiene una vulnerabilidad de gravedad moderada conocida, https://github.com/advisories/GHSA-rxmq-m78w-7wmc
C:\Users\57811481\POCPlaywright\backend\backend.csproj : warning NU1903: El paquete "SixLabors.ImageSharp" 1.0.4 tiene una vulnerabilidad de gravedad alta conocida, https://github.com/advisories/GHSA-2cmq-823j-5qj8
C:\Users\57811481\POCPlaywright\backend\backend.csproj : warning NU1902: El paquete "SixLabors.ImageSharp" 1.0.4 tiene una vulnerabilidad de gravedad moderada conocida, https://github.com/advisories/GHSA-5x7m-6737-26cr
C:\Users\57811481\POCPlaywright\backend\backend.csproj : warning NU1903: El paquete "SixLabors.ImageSharp" 1.0.4 tiene una vulnerabilidad de gravedad alta conocida, https://github.com/advisories/GHSA-63p8-c4ww-9cg7
C:\Users\57811481\POCPlaywright\backend\backend.csproj : warning NU1903: El paquete "SixLabors.ImageSharp" 1.0.4 tiene una vulnerabilidad de gravedad alta conocida, https://github.com/advisories/GHSA-65x7-c272-7g7r
C:\Users\57811481\POCPlaywright\backend\backend.csproj : warning NU1902: El paquete "SixLabors.ImageSharp" 1.0.4 tiene una vulnerabilidad de gravedad moderada conocida, https://github.com/advisories/GHSA-g85r-6x2q-45w7
C:\Users\57811481\POCPlaywright\backend\backend.csproj : warning NU1902: El paquete "SixLabors.ImageSharp" 1.0.4 tiene una vulnerabilidad de gravedad moderada conocida, https://github.com/advisories/GHSA-qxrv-gp6x-rc23
C:\Users\57811481\POCPlaywright\backend\backend.csproj : warning NU1902: El paquete "SixLabors.ImageSharp" 1.0.4 tiene una vulnerabilidad de gravedad moderada conocida, https://github.com/advisories/GHSA-rxmq-m78w-7wmc
info: Microsoft.Hosting.Lifetime[14]
      Now listening on: http://localhost:5091
info: Microsoft.Hosting.Lifetime[0]
      Application started. Press Ctrl+C to shut down.
info: Microsoft.Hosting.Lifetime[0]
      Hosting environment: Production
info: Microsoft.Hosting.Lifetime[0]
      Content root path: C:\Users\57811481\POCPlaywright\backend
